// Jest Snapshot v1, https://goo.gl/fbAQLP

exports[`<WelcomePage> DOM element renders correctly with shouldRender prop passed as true 1`] = `
<div>
  <div
    id="pageRoot"
  >
    <WelcomePage
      shouldRender={true}
    >
      <UserDispenser
        render={[Function]}
      >
        <Mutation
          mutation={
            Object {
              "definitions": Array [
                Object {
                  "directives": Array [],
                  "kind": "OperationDefinition",
                  "name": Object {
                    "kind": "Name",
                    "value": "updateUser",
                  },
                  "operation": "mutation",
                  "selectionSet": Object {
                    "kind": "SelectionSet",
                    "selections": Array [
                      Object {
                        "alias": undefined,
                        "arguments": Array [
                          Object {
                            "kind": "Argument",
                            "name": Object {
                              "kind": "Name",
                              "value": "user",
                            },
                            "value": Object {
                              "kind": "Variable",
                              "name": Object {
                                "kind": "Name",
                                "value": "user",
                              },
                            },
                          },
                        ],
                        "directives": Array [
                          Object {
                            "arguments": Array [],
                            "kind": "Directive",
                            "name": Object {
                              "kind": "Name",
                              "value": "client",
                            },
                          },
                        ],
                        "kind": "Field",
                        "name": Object {
                          "kind": "Name",
                          "value": "updateUser",
                        },
                        "selectionSet": Object {
                          "kind": "SelectionSet",
                          "selections": Array [
                            Object {
                              "alias": undefined,
                              "arguments": Array [],
                              "directives": Array [],
                              "kind": "Field",
                              "name": Object {
                                "kind": "Name",
                                "value": "user",
                              },
                              "selectionSet": Object {
                                "kind": "SelectionSet",
                                "selections": Array [
                                  Object {
                                    "alias": undefined,
                                    "arguments": Array [],
                                    "directives": Array [],
                                    "kind": "Field",
                                    "name": Object {
                                      "kind": "Name",
                                      "value": "user",
                                    },
                                    "selectionSet": undefined,
                                  },
                                ],
                              },
                            },
                          ],
                        },
                      },
                    ],
                  },
                  "variableDefinitions": Array [
                    Object {
                      "defaultValue": undefined,
                      "kind": "VariableDefinition",
                      "type": Object {
                        "kind": "NonNullType",
                        "type": Object {
                          "kind": "NamedType",
                          "name": Object {
                            "kind": "Name",
                            "value": "User",
                          },
                        },
                      },
                      "variable": Object {
                        "kind": "Variable",
                        "name": Object {
                          "kind": "Name",
                          "value": "user",
                        },
                      },
                    },
                  ],
                },
              ],
              "kind": "Document",
              "loc": Object {
                "end": 121,
                "start": 0,
              },
            }
          }
        >
          <ErrorBoundary
            FallbackComponent={null}
          >
            <Debug />
          </ErrorBoundary>
        </Mutation>
        <Query
          query={
            Object {
              "definitions": Array [
                Object {
                  "directives": Array [],
                  "kind": "OperationDefinition",
                  "name": Object {
                    "kind": "Name",
                    "value": "GetUser",
                  },
                  "operation": "query",
                  "selectionSet": Object {
                    "kind": "SelectionSet",
                    "selections": Array [
                      Object {
                        "alias": undefined,
                        "arguments": Array [],
                        "directives": Array [
                          Object {
                            "arguments": Array [],
                            "kind": "Directive",
                            "name": Object {
                              "kind": "Name",
                              "value": "client",
                            },
                          },
                        ],
                        "kind": "Field",
                        "name": Object {
                          "kind": "Name",
                          "value": "user",
                        },
                        "selectionSet": Object {
                          "kind": "SelectionSet",
                          "selections": Array [
                            Object {
                              "alias": undefined,
                              "arguments": Array [],
                              "directives": Array [],
                              "kind": "Field",
                              "name": Object {
                                "kind": "Name",
                                "value": "type",
                              },
                              "selectionSet": undefined,
                            },
                            Object {
                              "alias": undefined,
                              "arguments": Array [],
                              "directives": Array [],
                              "kind": "Field",
                              "name": Object {
                                "kind": "Name",
                                "value": "id",
                              },
                              "selectionSet": undefined,
                            },
                            Object {
                              "alias": undefined,
                              "arguments": Array [],
                              "directives": Array [],
                              "kind": "Field",
                              "name": Object {
                                "kind": "Name",
                                "value": "email",
                              },
                              "selectionSet": undefined,
                            },
                            Object {
                              "alias": undefined,
                              "arguments": Array [],
                              "directives": Array [],
                              "kind": "Field",
                              "name": Object {
                                "kind": "Name",
                                "value": "firstName",
                              },
                              "selectionSet": undefined,
                            },
                            Object {
                              "alias": undefined,
                              "arguments": Array [],
                              "directives": Array [],
                              "kind": "Field",
                              "name": Object {
                                "kind": "Name",
                                "value": "lastName",
                              },
                              "selectionSet": undefined,
                            },
                            Object {
                              "alias": undefined,
                              "arguments": Array [],
                              "directives": Array [],
                              "kind": "Field",
                              "name": Object {
                                "kind": "Name",
                                "value": "emailStatus",
                              },
                              "selectionSet": undefined,
                            },
                            Object {
                              "alias": undefined,
                              "arguments": Array [],
                              "directives": Array [],
                              "kind": "Field",
                              "name": Object {
                                "kind": "Name",
                                "value": "token",
                              },
                              "selectionSet": undefined,
                            },
                            Object {
                              "alias": undefined,
                              "arguments": Array [],
                              "directives": Array [],
                              "kind": "Field",
                              "name": Object {
                                "kind": "Name",
                                "value": "anonymousId",
                              },
                              "selectionSet": undefined,
                            },
                          ],
                        },
                      },
                    ],
                  },
                  "variableDefinitions": Array [],
                },
              ],
              "kind": "Document",
              "loc": Object {
                "end": 159,
                "start": 0,
              },
            }
          }
        >
          <ErrorBoundary
            FallbackComponent={null}
          >
            <Debug />
          </ErrorBoundary>
        </Query>
      </UserDispenser>
    </WelcomePage>
  </div>
  <div
    id="modalsRoot"
  />
</div>
`;
