// Jest Snapshot v1, https://goo.gl/fbAQLP

exports[`Navigation Search  1`] = `
Object {
  "component": <div>
    <div
      className="htz-a"
    >
      <button
        aria-expanded={false}
        className="htz-b htz-c htz-d htz-e htz-f htz-g htz-h htz-i htz-j"
        onClick={[Function]}
        role="button"
      >
        <svg
          className="htz-k htz-l htz-m htz-n htz-o"
          height="1em"
          viewBox="0 0 256 256"
          width="1em"
        >
           
          <path
            d="M247.6 228.5L175.2 156c11-15.2 17.5-33.8 17.5-54 0-50.8-41.3-92.1-92.1-92.1S8.5 51.3 8.5 102.1s41.3 92.1 92.1 92.1c20.6 0 39.7-6.8 55-18.3l72.3 72.3 19.7-19.7zm-147-57.2c-38.2 0-69.2-31.1-69.2-69.2s31-69.2 69.2-69.2 69.2 31.1 69.2 69.2-31.1 69.2-69.2 69.2z"
            fill="currentColor"
          />
        </svg>
        <span>
          חיפוש
        </span>
      </button>
    </div>
  </div>,
  "styles": ".htz-a{display:-webkit-box;display:-moz-box;display:-ms-flexbox;display:-webkit-flex;display:flex}.htz-f{color:#787878}.htz-g{border:none}.htz-h{font-weight:700}.htz-i{min-width:6rem}.htz-j{padding:1rem}.htz-k{vertical-align:-0.15em}.htz-l{color:#0B7EB5}.htz-m{fill:#FFF}.htz-n{font-size:3rem}.htz-o{margin-left:2rem}@media (max-width: 79.9375em){.htz-b{font-size:2rem}.htz-c{line-height:1.5em}}@media (min-width: 80em){.htz-d{font-size:2rem}.htz-e{line-height:1.5em}}",
}
`;
