// Jest Snapshot v1, https://goo.gl/fbAQLP

exports[`<Newsletter /> Newsletter DOM element should correctly render a Newsletter initial view 1`] = `
<NewsletterWithoutApollo
  buttonText="הרשמה"
  headlineText="headline text"
  host={null}
  icon={null}
  id={null}
  loading={false}
  miscStyles={
    Object {
      "marginLeft": "auto",
      "marginRight": "auto",
      "maxWidth": "80rem",
    }
  }
  onSubmit={[Function]}
  segmentId={1420800}
  signUpNewsletter={[MockFunction]}
  userEmail={null}
  variant="highlight"
/>
`;

exports[`<Newsletter /> NewsletterConfirmed DOM element should correctly render a NewsletterConfirmed without any props 1`] = `
<div>
  <div
    className="htz-a htz-b htz-c"
  >
    <button
      className="htz-d htz-e htz-f htz-g htz-h htz-i htz-j htz-k htz-l htz-m htz-n htz-o htz-p htz-q htz-r htz-s htz-t htz-u htz-v htz-w htz-x htz-y htz-z htz-ab htz-ac htz-ae htz-af htz-ag htz-ah htz-ai htz-aj htz-ak htz-al htz-am htz-an htz-ao htz-ap htz-aq htz-ar htz-as htz-at htz-au htz-av htz-aw htz-ax htz-ay htz-az htz-ba htz-bb htz-bc htz-bd htz-be htz-bf htz-bg htz-bh htz-bi htz-bj htz-bk htz-bl htz-bm"
      id={null}
      onClick={[MockFunction]}
      type="button"
    >
      <span
        className="htz-bn htz-bo htz-bp htz-bq htz-br htz-bs htz-bt"
      >
        <svg
          className="htz-bu htz-bv htz-bw htz-bx"
          height="1em"
          viewBox="0 0 256 256"
          width="1em"
        >
           
          <path
            d="M148.8 129l99.6 99.6-19.8 19.8-99.6-99.6-99.6 99.6-19.8-19.8 99.6-99.6L9.6 29.4 29.4 9.6l99.6 99.6 99.6-99.6 19.8 19.8-99.6 99.6z"
            fill="currentColor"
          />
        </svg>
      </span>
      <span
        className="htz-by htz-bz htz-ca htz-m htz-am htz-cb htz-cc htz-cd htz-ce htz-cf htz-cg htz-ch htz-ci"
      />
    </button>
    <p
      className="htz-cj htz-ck htz-cl htz-cm htz-cn htz-c"
    >
      <strong>
        תודה שנרשמת
      </strong>
    </p>
    <p
      className="htz-cj htz-ck htz-cl htz-cm htz-cn htz-c"
    >
      יש לנו דיוורים נוספים שעשויים לעניין אותך
    </p>
    <a
      className="htz-d htz-e htz-f htz-g htz-h htz-co htz-j htz-k htz-l htz-cp htz-n htz-o htz-p htz-q htz-r htz-s htz-t htz-u htz-v htz-w htz-x htz-cq htz-z htz-ab htz-cr htz-ae htz-af htz-cs htz-ah htz-ai htz-ct htz-ak htz-cu htz-ck htz-cl htz-cm htz-cn htz-cv htz-an htz-ao htz-ap htz-aq htz-cw htz-as htz-at htz-au htz-av htz-aw htz-ax htz-ay htz-cx htz-ba htz-bb htz-bc htz-bd htz-be htz-bf htz-bg htz-cy htz-bi htz-bj htz-bk htz-bl htz-bm"
      href="https://www.haaretz.co.il/personal-area/newsletter"
      id={null}
      onClick={null}
      target={null}
    >
      <span
        className="htz-bn htz-bo htz-bp htz-bq htz-br htz-bs htz-bt"
      >
        לרשימה המלאה
      </span>
      <span
        className="htz-by htz-bz htz-ca htz-m htz-am htz-cb htz-cc htz-cd htz-ce htz-cf htz-cg htz-ch htz-ci"
      />
    </a>
  </div>
</div>
`;

exports[`<Newsletter /> NewsletterConfirmed DOM element should correctly render a NewsletterConfirmed without any props 2`] = `".htz-a{text-align:center}.htz-b{background-color:#FFE70C}.htz-c{color:#222}.htz-d{align-items:center}.htz-e{-webkit-appearance:none}.htz-f{-moz-appearance:none}.htz-g{appearance:none}.htz-h{cursor:pointer}.htz-i{display:inline-block}.htz-j{font-weight:bold}.htz-k{font-size:inherit}.htz-l{justify-content:center}.htz-m{position:absolute}.htz-n{transform:scale(1)}.htz-o{transition:all 0.16666666666666666s cubic-bezier(0, 0, .2, 0) , transform .3s cubic-bezier(.55, 0, .1, 1) .3s, backgroundColor .25s cubic-bezier(0, 0, .2, 0)}.htz-p{text-decoration:none}.htz-q{white-space:nowrap}.htz-r::moz-focus-inner{border:0}.htz-s::moz-focus-inner{padding:0}.htz-t{border-bottom-width:1px}.htz-u{border-bottom-style:solid}.htz-v{padding-bottom:calc(1rem - 1px)}.htz-w{border-top-width:1px}.htz-x{border-top-style:solid}.htz-y{padding-top:0}.htz-z{border-right-width:1px}.htz-ab{border-right-style:solid}.htz-ac{padding-right:1rem}.htz-ae{border-left-width:1px}.htz-af{border-left-style:solid}.htz-ag{padding-left:1rem}.htz-ah{border-radius:0}.htz-ai{background-color:transparent}.htz-aj{border-color:transparent}.htz-ak{color:#2D2D2D}.htz-al{left:0}.htz-am{top:0}.htz-an:visited{color:#2D2D2D}.htz-ao:hover{text-decoration:none}.htz-ap:hover{transition:all 0.16666666666666666s cubic-bezier(.55, 0, .1, 1) , transform .3s cubic-bezier(.55, 0, .1, 1) .3s, backgroundColor .25s cubic-bezier(.55, 0, .1, 1)}.htz-aq:hover{background-color:rgba(0,0,0,.1)}.htz-ar:hover{border-color:transparent}.htz-as:hover{color:#2D2D2D}.htz-at:hover{-webkit-transition:all 0.16666666666666666s cubic-bezier(.55, 0, .1, 1) , transform .3s cubic-bezier(.55, 0, .1, 1) .3s, backgroundColor .25s cubic-bezier(.55, 0, .1, 1)}.htz-au:hover{-moz-transition:all 0.16666666666666666s cubic-bezier(.55, 0, .1, 1) , transform .3s cubic-bezier(.55, 0, .1, 1) .3s, backgroundColor .25s cubic-bezier(.55, 0, .1, 1)}.htz-av:focus{outline:none}.htz-aw:focus{text-decoration:none}.htz-ax:focus{transition:all 0.16666666666666666s cubic-bezier(.55, 0, .1, 1) , transform .3s cubic-bezier(.55, 0, .1, 1) .3s, backgroundColor .25s cubic-bezier(.55, 0, .1, 1)}.htz-ay:focus{background-color:#2D2D2D}.htz-az:focus{border-color:transparent}.htz-ba:focus{color:hsl(0,0%,100%)}.htz-bb:focus{-webkit-transition:all 0.16666666666666666s cubic-bezier(.55, 0, .1, 1) , transform .3s cubic-bezier(.55, 0, .1, 1) .3s, backgroundColor .25s cubic-bezier(.55, 0, .1, 1)}.htz-bc:focus{-moz-transition:all 0.16666666666666666s cubic-bezier(.55, 0, .1, 1) , transform .3s cubic-bezier(.55, 0, .1, 1) .3s, backgroundColor .25s cubic-bezier(.55, 0, .1, 1)}.htz-bd:active{outline:none}.htz-be:active{text-decoration:none}.htz-bf:active{transition-duration:0s}.htz-bg:active{background-color:transparent !important}.htz-bh:active{border-color:transparent}.htz-bi:active{color:#2D2D2D}.htz-bj{-webkit-box-align:center}.htz-bk{-webkit-box-pack:center}.htz-bl{-webkit-transition:all 0.16666666666666666s cubic-bezier(0, 0, .2, 0) , transform .3s cubic-bezier(.55, 0, .1, 1) .3s, backgroundColor .25s cubic-bezier(0, 0, .2, 0)}.htz-bm{-moz-transition:all 0.16666666666666666s cubic-bezier(0, 0, .2, 0) , transform .3s cubic-bezier(.55, 0, .1, 1) .3s, backgroundColor .25s cubic-bezier(0, 0, .2, 0)}.htz-bn{opacity:1}.htz-bo{transition-property:opacity}.htz-bp{transition-duration:0.16666666666666666s}.htz-bq{transition-timing-function:cubic-bezier(.55, 0, .1, 1)}.htz-br{transition-delay:.3s}.htz-bs{-webkit-transition-property:opacity}.htz-bt{-moz-transition-property:opacity}.htz-bu{vertical-align:-0.15em}.htz-bv{color:inherit}.htz-bw{fill:#FFF}.htz-bx{font-size:2rem}.htz-by{background-color:rgba(200,200,200, 0.3)}.htz-bz{height:100%}.htz-ca{right:0}.htz-cb{transform:scaleX(0)}.htz-cc{transform-origin:right}.htz-cd{width:100%}.htz-ce{animation-direction:alternate}.htz-cf{animation-iteration-count:infinite}.htz-cg{animation-duration:1s}.htz-ch{animation-delay:0.75s}.htz-ci{animation-timing-function:cubic-bezier(.55, 0, .1, 1)}.htz-cj{padding-bottom:1rem}.htz-co{display:-webkit-inline-box;display:-moz-inline-box;display:-ms-inline-flexbox;display:-webkit-inline-flex;display:inline-flex}.htz-cp{position:relative}.htz-cq{padding-top:calc(1rem - 1px)}.htz-cr{padding-right:3rem}.htz-cs{padding-left:3rem}.htz-ct{border-color:#2D2D2D}.htz-cu{margin-top:1rem}.htz-cv{margin-bottom:1rem}.htz-cw:hover{border-color:#2D2D2D}.htz-cx:focus{border-color:#2D2D2D}.htz-cy:active{border-color:#2D2D2D}@media (max-width: 79.9375em){.htz-ck{font-size:2.3333333333333335rem}.htz-cl{line-height:1.2857142857142858em}}@media (min-width: 80em){.htz-cm{font-size:2.2857142857142856rem}.htz-cn{line-height:1.3125em}}"`;
