// Jest Snapshot v1, https://goo.gl/fbAQLP

exports[`<Footer />  Desktop view DOM elements  Render desktop Footer element correctly 1`] = `
<div>
  <div
    className="FI_PH"
  />
  <div
    className="FI_PH"
  />
</div>
`;

exports[`<Footer />  Desktop view DOM elements  Render desktop Footer element correctly 2`] = `""`;

exports[`<Footer />  Mobile view DOM elements  Render mobile Footer element correctly 1`] = `
<div>
  <div
    className="FI_PH"
  />
  <div
    className="FI_PH"
  />
</div>
`;

exports[`<Footer />  Mobile view DOM elements  Render mobile Footer element correctly 2`] = `""`;
