// Jest Snapshot v1, https://goo.gl/fbAQLP

exports[`<ScrollStoreMutator> DOM element correctly doesnt render anything with minimal required props 1`] = `<div />`;

exports[`<ScrollStoreMutator> DOM element correctly doesnt render anything with minimal required props 2`] = `""`;

exports[`<ScrollStoreMutator> DOM element has the same mutation query string 1`] = `
Object {
  "definitions": Array [
    Object {
      "directives": Array [],
      "kind": "OperationDefinition",
      "name": Object {
        "kind": "Name",
        "value": "updateScroll",
      },
      "operation": "mutation",
      "selectionSet": Object {
        "kind": "SelectionSet",
        "selections": Array [
          Object {
            "alias": undefined,
            "arguments": Array [
              Object {
                "kind": "Argument",
                "name": Object {
                  "kind": "Name",
                  "value": "x",
                },
                "value": Object {
                  "kind": "Variable",
                  "name": Object {
                    "kind": "Name",
                    "value": "x",
                  },
                },
              },
              Object {
                "kind": "Argument",
                "name": Object {
                  "kind": "Name",
                  "value": "y",
                },
                "value": Object {
                  "kind": "Variable",
                  "name": Object {
                    "kind": "Name",
                    "value": "y",
                  },
                },
              },
              Object {
                "kind": "Argument",
                "name": Object {
                  "kind": "Name",
                  "value": "direction",
                },
                "value": Object {
                  "kind": "Variable",
                  "name": Object {
                    "kind": "Name",
                    "value": "direction",
                  },
                },
              },
              Object {
                "kind": "Argument",
                "name": Object {
                  "kind": "Name",
                  "value": "velocity",
                },
                "value": Object {
                  "kind": "Variable",
                  "name": Object {
                    "kind": "Name",
                    "value": "velocity",
                  },
                },
              },
            ],
            "directives": Array [
              Object {
                "arguments": Array [],
                "kind": "Directive",
                "name": Object {
                  "kind": "Name",
                  "value": "client",
                },
              },
            ],
            "kind": "Field",
            "name": Object {
              "kind": "Name",
              "value": "updateScroll",
            },
            "selectionSet": undefined,
          },
        ],
      },
      "variableDefinitions": Array [
        Object {
          "defaultValue": undefined,
          "kind": "VariableDefinition",
          "type": Object {
            "kind": "NonNullType",
            "type": Object {
              "kind": "NamedType",
              "name": Object {
                "kind": "Name",
                "value": "Int",
              },
            },
          },
          "variable": Object {
            "kind": "Variable",
            "name": Object {
              "kind": "Name",
              "value": "x",
            },
          },
        },
        Object {
          "defaultValue": undefined,
          "kind": "VariableDefinition",
          "type": Object {
            "kind": "NonNullType",
            "type": Object {
              "kind": "NamedType",
              "name": Object {
                "kind": "Name",
                "value": "Int",
              },
            },
          },
          "variable": Object {
            "kind": "Variable",
            "name": Object {
              "kind": "Name",
              "value": "y",
            },
          },
        },
        Object {
          "defaultValue": undefined,
          "kind": "VariableDefinition",
          "type": Object {
            "kind": "NonNullType",
            "type": Object {
              "kind": "NamedType",
              "name": Object {
                "kind": "Name",
                "value": "String",
              },
            },
          },
          "variable": Object {
            "kind": "Variable",
            "name": Object {
              "kind": "Name",
              "value": "direction",
            },
          },
        },
        Object {
          "defaultValue": undefined,
          "kind": "VariableDefinition",
          "type": Object {
            "kind": "NonNullType",
            "type": Object {
              "kind": "NamedType",
              "name": Object {
                "kind": "Name",
                "value": "Int",
              },
            },
          },
          "variable": Object {
            "kind": "Variable",
            "name": Object {
              "kind": "Name",
              "value": "velocity",
            },
          },
        },
      ],
    },
  ],
  "kind": "Document",
  "loc": Object {
    "end": 195,
    "start": 0,
  },
}
`;
