// Jest Snapshot v1, https://goo.gl/fbAQLP

exports[`AlertsButton component renders correctly 1`] = `
Object {
  "component": <div>
    <button
      aria-describedby="alerts_btn_description"
      aria-expanded={false}
      className={null}
      onClick={[Function]}
    >
      <span
        className="htz-a htz-b htz-c htz-d htz-e htz-f htz-g htz-h htz-i htz-j"
        id="alerts_btn_description"
      >
        קבל התראות בתיבת הדואר האלקטרוני שלך עבור כתבות מ 
        Avi Kaufman
      </span>
      Follow me
    </button>
  </div>,
  "styles": ".htz-a{border:0px}.htz-b{clip:rect(0 0 0 0)}.htz-c{clip-path:inset(50%);-webkit-clip-path:inset(50%)}.htz-d{height:1px}.htz-e{margin:-1px}.htz-f{overflow:hidden}.htz-g{padding:0rem}.htz-h{position:absolute}.htz-i{width:1px}.htz-j{white-space:nowrap}",
}
`;
