// Jest Snapshot v1, https://goo.gl/fbAQLP

exports[`<MastheadSearch> render correctly 1`] = `
Object {
  "component": <div>
    <div
      className="htz-a htz-b htz-c htz-d htz-e htz-f"
    >
      <button
        aria-expanded={false}
        className="htz-g htz-h htz-a htz-i htz-j htz-k htz-l htz-m htz-n htz-o htz-p htz-q htz-r htz-s htz-t htz-u htz-v"
        onClick={[Function]}
        onMouseEnter={[Function]}
        onMouseLeave={[Function]}
        type="button"
      >
        <svg
          className="htz-w htz-x htz-y htz-z htz-ab"
          height="1em"
          viewBox="0 0 256 256"
          width="1em"
        >
           
          <path
            d="M247.6 228.5L175.2 156c11-15.2 17.5-33.8 17.5-54 0-50.8-41.3-92.1-92.1-92.1S8.5 51.3 8.5 102.1s41.3 92.1 92.1 92.1c20.6 0 39.7-6.8 55-18.3l72.3 72.3 19.7-19.7zm-147-57.2c-38.2 0-69.2-31.1-69.2-69.2s31-69.2 69.2-69.2 69.2 31.1 69.2 69.2-31.1 69.2-69.2 69.2z"
            fill="currentColor"
          />
        </svg>
        <span>
          חיפוש
        </span>
      </button>
    </div>
  </div>,
  "styles": ".htz-a{display:-webkit-box;display:-moz-box;display:-ms-flexbox;display:-webkit-flex;display:flex}.htz-b{flex-grow:0}.htz-c{overflow:hidden}.htz-f{-webkit-box-flex:0}.htz-g{align-items:center}.htz-h{color:#787878}.htz-i{font-weight:700}.htz-j{justify-content:center}.htz-k{min-width:6rem}.htz-l{padding:1rem}.htz-m{position:relative}.htz-n{z-index:1}.htz-s{transition-duration:.3s}.htz-t{transition-timing-function:cubic-bezier(.55, 0, .1, 1)}.htz-u{-webkit-box-align:center}.htz-v{-webkit-box-pack:center}.htz-w{vertical-align:-0.15em}.htz-x{color:#0B7EB5}.htz-y{fill:#FFF}.htz-z{font-size:3rem}.htz-ab{margin-left:1rem}@media (max-width: 37.4375em){.htz-d{display:none}}@media (max-width: 47.9375em) and (orientation: landscape){.htz-e{display:none}}@media (max-width: 79.9375em){.htz-o{font-size:2rem}.htz-p{line-height:1.5em}}@media (min-width: 80em){.htz-q{font-size:2rem}.htz-r{line-height:1.5em}}",
}
`;
