// Jest Snapshot v1, https://goo.gl/fbAQLP

exports[`New-York times  1`] = `
Object {
  "component": <div>
    <figure
      className="htz-a htz-b htz-c htz-d htz-e htz-f"
    >
      <iframe
        allowFullScreen="true"
        className="htz-a htz-g htz-h htz-i htz-j htz-k htz-l htz-m htz-n"
        frameBorder="0"
        id="nyt_video_player"
        marginHeight="0"
        marginWidth="0"
        onLoad={null}
        scrolling="no"
        src="https://graphics8.nytimes.com/video/players/offsite/index.html?videoId=100000005256748"
        title="New York Times Video - Embed Player"
        width="auto"
      />
    </figure>
  </div>,
  "styles": ".htz-a{margin:0}.htz-b{padding-bottom:56.25%}.htz-c{height:0}.htz-d{overflow:hidden}.htz-e{position:relative}.htz-f{padding-top:69px}.htz-g{padding:0}.htz-h{height:100% !important}.htz-i{width:100% !important}.htz-j{left:0}.htz-k{top:0}.htz-l{position:absolute}.htz-m{display:block}.htz-n{border:none}",
}
`;
