// Jest Snapshot v1, https://goo.gl/fbAQLP

exports[`VisuallyHidden component renders correctly 1`] = `
Object {
  "component": <div>
    <span
      className="htz-a htz-b htz-c htz-d htz-e htz-f htz-g htz-h htz-i htz-j htz-k"
      id="my-div-description"
    >
      This text describes the container
    </span>
  </div>,
  "styles": ".htz-a{border:0}.htz-b{clip:rect(0 0 0 0)}.htz-c{-webkit-clip-path:inset(50%)}.htz-d{clip-path:inset(50%)}.htz-e{height:1px}.htz-f{margin:-1px}.htz-g{overflow:hidden}.htz-h{padding:0}.htz-i{position:absolute}.htz-j{width:1px}.htz-k{white-space:nowrap}",
}
`;
