// Jest Snapshot v1, https://goo.gl/fbAQLP

exports[`fetch a list 1`] = `
Object {
  "homePage": Object {
    "slots": Object {
      "main": Array [
        Object {},
        Object {
          "mainBlockComponents": Array [
            Object {
              "contentId": "7.7832887",
              "endOfTime": 1575063780000,
              "inputTemplate": "com.tm.Countdown",
              "title": "בחירות 2019",
            },
          ],
        },
        Object {},
        Object {},
        Object {},
        Object {},
        Object {},
        Object {},
        Object {},
        Object {},
        Object {},
        Object {},
        Object {},
        Object {},
        Object {},
        Object {},
        Object {},
        Object {},
        Object {},
        Object {},
        Object {},
        Object {},
        Object {},
        Object {},
        Object {},
        Object {},
        Object {},
        Object {},
      ],
    },
  },
  "page": Object {
    "articleData": null,
  },
}
`;
