// Jest Snapshot v1, https://goo.gl/fbAQLP

exports[`Kicker component renders correctly a 'p' tag 1`] = `
Object {
  "component": <div>
    <p
      className="htz-a htz-b htz-c htz-d htz-e"
    >
      ישראלים בצפון, אם נתניהו יחליט שאלה פעולות נדרשות
    </p>
  </div>,
  "styles": ".htz-a{margin-top:2rem}@media (max-width: 80em){.htz-b{font-size:2.6666666666666665rem}.htz-c{line-height:1.5em}}@media (min-width: 80em){.htz-d{font-size:3rem}.htz-e{line-height:1.3333333333333333em}}",
}
`;
