// Jest Snapshot v1, https://goo.gl/fbAQLP

exports[`<TopNews> DOM element renders correctly with minimal required props 1`] = `
<div>
  <div
    className="htz-a htz-b htz-c"
  >
    <span
      className="htz-d htz-e htz-f htz-g htz-h htz-i"
    >
       
    </span>
  </div>
</div>
`;

exports[`<TopNews> DOM element renders correctly with minimal required props 2`] = `".htz-a{padding-right:4rem}.htz-b{padding-left:4rem}.htz-d{color:#A8001C}.htz-e{font-weight:700}@media (max-width: 63.9375em){.htz-c{display:none}}@media (max-width: 79.9375em){.htz-f{font-size:2.3333333333333335rem}.htz-g{line-height:1.2857142857142858em}}@media (min-width: 80em){.htz-h{font-size:2.2857142857142856rem}.htz-i{line-height:1.3125em}}"`;

exports[`<TopNews> DOM element renders correctly with minimal required props 3`] = `
<div>
  <div
    className="htz-a htz-b htz-c"
  >
    <span
      className="htz-d htz-e htz-f htz-g htz-h htz-i"
    >
       
    </span>
  </div>
</div>
`;

exports[`<TopNews> DOM element renders correctly with minimal required props 4`] = `".htz-a{padding-right:4rem}.htz-b{padding-left:4rem}.htz-d{color:#A8001C}.htz-e{font-weight:700}@media (max-width: 63.9375em){.htz-c{display:none}}@media (max-width: 79.9375em){.htz-f{font-size:2.3333333333333335rem}.htz-g{line-height:1.2857142857142858em}}@media (min-width: 80em){.htz-h{font-size:2.2857142857142856rem}.htz-i{line-height:1.3125em}}"`;
