// Jest Snapshot v1, https://goo.gl/fbAQLP

exports[`renders correctly 1`] = `
Object {
  "component": <div>
    <button
        className="htz-a"
    >
        Click here
    </button>
</div>,
  "styles": ".htz-a{outline:1px solid #09a5d9}",
}
`;
