// Jest Snapshot v1, https://goo.gl/fbAQLP

exports[`<IconZen /> DOM element add "id" attribute to DOM element 1`] = `
<div>
  <svg
    className="htz-a htz-b htz-c"
    height="1em"
    id="hasId"
    viewBox="0 0 256 256"
    width="1em"
  >
      
    <path
      d="M128 8C61.7 8 8 61.7 8 128s53.7 120 120 120 120-53.7 120-120S194.3 8 128 8zm17 188h-34V60h34v136z"
      fill="currentColor"
    />
  </svg>
</div>
`;

exports[`<IconZen /> DOM element add "id" attribute to DOM element 2`] = `".htz-a{vertical-align:-0.15em}.htz-b{color:inherit}.htz-c{fill:#FFF}"`;

exports[`<IconZen /> DOM element add "onClick" attribute to DOM element 1`] = `
<div>
  <svg
    className="htz-a htz-b htz-c"
    height="1em"
    id={[Function]}
    viewBox="0 0 256 256"
    width="1em"
  >
      
    <path
      d="M128 8C61.7 8 8 61.7 8 128s53.7 120 120 120 120-53.7 120-120S194.3 8 128 8zm17 188h-34V60h34v136z"
      fill="currentColor"
    />
  </svg>
</div>
`;

exports[`<IconZen /> DOM element add "onClick" attribute to DOM element 2`] = `".htz-a{vertical-align:-0.15em}.htz-b{color:inherit}.htz-c{fill:#FFF}"`;

exports[`<IconZen /> DOM element pass attributes defined in the "attrs" prop to the DOM element 1`] = `
<div>
  <svg
    aria-hidden={true}
    className="htz-a htz-b htz-c"
    height="1em"
    viewBox="0 0 256 256"
    width="1em"
  >
      
    <path
      d="M128 8C61.7 8 8 61.7 8 128s53.7 120 120 120 120-53.7 120-120S194.3 8 128 8zm17 188h-34V60h34v136z"
      fill="currentColor"
    />
  </svg>
</div>
`;

exports[`<IconZen /> DOM element pass attributes defined in the "attrs" prop to the DOM element 2`] = `".htz-a{vertical-align:-0.15em}.htz-b{color:inherit}.htz-c{fill:#FFF}"`;

exports[`<IconZen /> DOM element render correctly when no props are passed 1`] = `
<div>
  <svg
    className="htz-a htz-b htz-c"
    height="1em"
    viewBox="0 0 256 256"
    width="1em"
  >
      
    <path
      d="M128 8C61.7 8 8 61.7 8 128s53.7 120 120 120 120-53.7 120-120S194.3 8 128 8zm17 188h-34V60h34v136z"
      fill="currentColor"
    />
  </svg>
</div>
`;

exports[`<IconZen /> DOM element render correctly when no props are passed 2`] = `".htz-a{vertical-align:-0.15em}.htz-b{color:inherit}.htz-c{fill:#FFF}"`;

exports[`<IconZen /> styles responsively set misc styles on an icon 1`] = `
<div>
  <svg
    className="htz-a htz-b htz-c htz-d htz-e"
    height="1em"
    viewBox="0 0 256 256"
    width="1em"
  >
      
    <path
      d="M128 8C61.7 8 8 61.7 8 128s53.7 120 120 120 120-53.7 120-120S194.3 8 128 8zm17 188h-34V60h34v136z"
      fill="currentColor"
    />
  </svg>
</div>
`;

exports[`<IconZen /> styles responsively set misc styles on an icon 2`] = `".htz-a{vertical-align:-0.15em}.htz-b{color:inherit}.htz-c{fill:#FFF}@media (max-width: 80em){.htz-d{position:relative}}@media (min-width: 80em){.htz-e{position:static}}"`;

exports[`<IconZen /> styles set icon's color 1`] = `
<div>
  <svg
    className="htz-a htz-b htz-c"
    height="1em"
    viewBox="0 0 256 256"
    width="1em"
  >
      
    <path
      d="M128 8C61.7 8 8 61.7 8 128s53.7 120 120 120 120-53.7 120-120S194.3 8 128 8zm17 188h-34V60h34v136z"
      fill="currentColor"
    />
  </svg>
</div>
`;

exports[`<IconZen /> styles set icon's color 2`] = `".htz-a{vertical-align:-0.15em}.htz-b{color:#0B7EB5}.htz-c{fill:#FFF}"`;

exports[`<IconZen /> styles set icon's color responsively 1`] = `
<div>
  <svg
    className="htz-a htz-b htz-c htz-d"
    height="1em"
    viewBox="0 0 256 256"
    width="1em"
  >
      
    <path
      d="M128 8C61.7 8 8 61.7 8 128s53.7 120 120 120 120-53.7 120-120S194.3 8 128 8zm17 188h-34V60h34v136z"
      fill="currentColor"
    />
  </svg>
</div>
`;

exports[`<IconZen /> styles set icon's color responsively 2`] = `".htz-a{vertical-align:-0.15em}.htz-d{fill:#FFF}@media (max-width: 80em){.htz-b{color:#0B7EB5}}@media (min-width: 80em){.htz-c{color:#2D2D2D}}"`;

exports[`<IconZen /> styles set icon's fill 1`] = `
<div>
  <svg
    className="htz-a htz-b htz-c"
    height="1em"
    viewBox="0 0 256 256"
    width="1em"
  >
      
    <path
      d="M128 8C61.7 8 8 61.7 8 128s53.7 120 120 120 120-53.7 120-120S194.3 8 128 8zm17 188h-34V60h34v136z"
      fill="currentColor"
    />
  </svg>
</div>
`;

exports[`<IconZen /> styles set icon's fill 2`] = `".htz-a{vertical-align:-0.15em}.htz-b{color:inherit}.htz-c{fill:#0B7EB5}"`;

exports[`<IconZen /> styles set icon's fill responsively 1`] = `
<div>
  <svg
    className="htz-a htz-b htz-c htz-d"
    height="1em"
    viewBox="0 0 256 256"
    width="1em"
  >
      
    <path
      d="M128 8C61.7 8 8 61.7 8 128s53.7 120 120 120 120-53.7 120-120S194.3 8 128 8zm17 188h-34V60h34v136z"
      fill="currentColor"
    />
  </svg>
</div>
`;

exports[`<IconZen /> styles set icon's fill responsively 2`] = `".htz-a{vertical-align:-0.15em}.htz-b{color:inherit}@media (max-width: 80em){.htz-c{fill:#0B7EB5}}@media (min-width: 80em){.htz-d{fill:#2D2D2D}}"`;

exports[`<IconZen /> styles set icon's size 1`] = `
<div>
  <svg
    className="htz-a htz-b htz-c htz-d"
    height="1em"
    viewBox="0 0 256 256"
    width="1em"
  >
      
    <path
      d="M128 8C61.7 8 8 61.7 8 128s53.7 120 120 120 120-53.7 120-120S194.3 8 128 8zm17 188h-34V60h34v136z"
      fill="currentColor"
    />
  </svg>
</div>
`;

exports[`<IconZen /> styles set icon's size 2`] = `".htz-a{vertical-align:-0.15em}.htz-b{color:inherit}.htz-c{fill:#FFF}.htz-d{font-size:6rem}"`;

exports[`<IconZen /> styles set icon's size responsively 1`] = `
<div>
  <svg
    className="htz-a htz-b htz-c htz-d htz-e"
    height="1em"
    viewBox="0 0 256 256"
    width="1em"
  >
      
    <path
      d="M128 8C61.7 8 8 61.7 8 128s53.7 120 120 120 120-53.7 120-120S194.3 8 128 8zm17 188h-34V60h34v136z"
      fill="currentColor"
    />
  </svg>
</div>
`;

exports[`<IconZen /> styles set icon's size responsively 2`] = `".htz-a{vertical-align:-0.15em}.htz-b{color:inherit}.htz-c{fill:#FFF}@media (max-width: 80em){.htz-d{font-size:6rem}}@media (min-width: 80em){.htz-e{font-size:7rem}}"`;

exports[`<IconZen /> styles set misc styles on an icon 1`] = `
<div>
  <svg
    className="htz-a htz-b htz-c htz-d"
    height="1em"
    viewBox="0 0 256 256"
    width="1em"
  >
      
    <path
      d="M128 8C61.7 8 8 61.7 8 128s53.7 120 120 120 120-53.7 120-120S194.3 8 128 8zm17 188h-34V60h34v136z"
      fill="currentColor"
    />
  </svg>
</div>
`;

exports[`<IconZen /> styles set misc styles on an icon 2`] = `".htz-a{vertical-align:-0.15em}.htz-b{color:inherit}.htz-c{fill:#FFF}.htz-d{position:relative}"`;
