// Jest Snapshot v1, https://goo.gl/fbAQLP

exports[`<IconAvatar /> DOM element add "id" attribute to DOM element 1`] = `
<div>
  <svg
    className="htz-a htz-b htz-c"
    height="1em"
    id="hasId"
    viewBox="0 0 256 256"
    width="1em"
  >
      
    <path
      d="M69.7 69c0-33.2 26.9-60.2 60.2-60.2S190 35.8 190 69s-26.9 60.2-60.2 60.2-60.1-27-60.1-60.2zm73.1 86.6h-25.9c-52.6 0-96 41.1-99.9 92.7h225.8c-4-51.6-47.4-92.7-100-92.7z"
      fill="currentColor"
    />
  </svg>
</div>
`;

exports[`<IconAvatar /> DOM element add "id" attribute to DOM element 2`] = `".htz-a{vertical-align:-0.15em}.htz-b{color:inherit}.htz-c{fill:#FFF}"`;

exports[`<IconAvatar /> DOM element add "onClick" attribute to DOM element 1`] = `
<div>
  <svg
    className="htz-a htz-b htz-c"
    height="1em"
    id={[Function]}
    viewBox="0 0 256 256"
    width="1em"
  >
      
    <path
      d="M69.7 69c0-33.2 26.9-60.2 60.2-60.2S190 35.8 190 69s-26.9 60.2-60.2 60.2-60.1-27-60.1-60.2zm73.1 86.6h-25.9c-52.6 0-96 41.1-99.9 92.7h225.8c-4-51.6-47.4-92.7-100-92.7z"
      fill="currentColor"
    />
  </svg>
</div>
`;

exports[`<IconAvatar /> DOM element add "onClick" attribute to DOM element 2`] = `".htz-a{vertical-align:-0.15em}.htz-b{color:inherit}.htz-c{fill:#FFF}"`;

exports[`<IconAvatar /> DOM element pass attributes defined in the "attrs" prop to the DOM element 1`] = `
<div>
  <svg
    aria-hidden={true}
    className="htz-a htz-b htz-c"
    height="1em"
    viewBox="0 0 256 256"
    width="1em"
  >
      
    <path
      d="M69.7 69c0-33.2 26.9-60.2 60.2-60.2S190 35.8 190 69s-26.9 60.2-60.2 60.2-60.1-27-60.1-60.2zm73.1 86.6h-25.9c-52.6 0-96 41.1-99.9 92.7h225.8c-4-51.6-47.4-92.7-100-92.7z"
      fill="currentColor"
    />
  </svg>
</div>
`;

exports[`<IconAvatar /> DOM element pass attributes defined in the "attrs" prop to the DOM element 2`] = `".htz-a{vertical-align:-0.15em}.htz-b{color:inherit}.htz-c{fill:#FFF}"`;

exports[`<IconAvatar /> DOM element render correctly when no props are passed 1`] = `
<div>
  <svg
    className="htz-a htz-b htz-c"
    height="1em"
    viewBox="0 0 256 256"
    width="1em"
  >
      
    <path
      d="M69.7 69c0-33.2 26.9-60.2 60.2-60.2S190 35.8 190 69s-26.9 60.2-60.2 60.2-60.1-27-60.1-60.2zm73.1 86.6h-25.9c-52.6 0-96 41.1-99.9 92.7h225.8c-4-51.6-47.4-92.7-100-92.7z"
      fill="currentColor"
    />
  </svg>
</div>
`;

exports[`<IconAvatar /> DOM element render correctly when no props are passed 2`] = `".htz-a{vertical-align:-0.15em}.htz-b{color:inherit}.htz-c{fill:#FFF}"`;

exports[`<IconAvatar /> styles responsively set misc styles on an icon 1`] = `
<div>
  <svg
    className="htz-a htz-b htz-c htz-d htz-e"
    height="1em"
    viewBox="0 0 256 256"
    width="1em"
  >
      
    <path
      d="M69.7 69c0-33.2 26.9-60.2 60.2-60.2S190 35.8 190 69s-26.9 60.2-60.2 60.2-60.1-27-60.1-60.2zm73.1 86.6h-25.9c-52.6 0-96 41.1-99.9 92.7h225.8c-4-51.6-47.4-92.7-100-92.7z"
      fill="currentColor"
    />
  </svg>
</div>
`;

exports[`<IconAvatar /> styles responsively set misc styles on an icon 2`] = `".htz-a{vertical-align:-0.15em}.htz-b{color:inherit}.htz-c{fill:#FFF}@media (max-width: 80em){.htz-d{position:relative}}@media (min-width: 80em){.htz-e{position:static}}"`;

exports[`<IconAvatar /> styles set icon's color 1`] = `
<div>
  <svg
    className="htz-a htz-b htz-c"
    height="1em"
    viewBox="0 0 256 256"
    width="1em"
  >
      
    <path
      d="M69.7 69c0-33.2 26.9-60.2 60.2-60.2S190 35.8 190 69s-26.9 60.2-60.2 60.2-60.1-27-60.1-60.2zm73.1 86.6h-25.9c-52.6 0-96 41.1-99.9 92.7h225.8c-4-51.6-47.4-92.7-100-92.7z"
      fill="currentColor"
    />
  </svg>
</div>
`;

exports[`<IconAvatar /> styles set icon's color 2`] = `".htz-a{vertical-align:-0.15em}.htz-b{color:#0B7EB5}.htz-c{fill:#FFF}"`;

exports[`<IconAvatar /> styles set icon's color responsively 1`] = `
<div>
  <svg
    className="htz-a htz-b htz-c htz-d"
    height="1em"
    viewBox="0 0 256 256"
    width="1em"
  >
      
    <path
      d="M69.7 69c0-33.2 26.9-60.2 60.2-60.2S190 35.8 190 69s-26.9 60.2-60.2 60.2-60.1-27-60.1-60.2zm73.1 86.6h-25.9c-52.6 0-96 41.1-99.9 92.7h225.8c-4-51.6-47.4-92.7-100-92.7z"
      fill="currentColor"
    />
  </svg>
</div>
`;

exports[`<IconAvatar /> styles set icon's color responsively 2`] = `".htz-a{vertical-align:-0.15em}.htz-d{fill:#FFF}@media (max-width: 80em){.htz-b{color:#0B7EB5}}@media (min-width: 80em){.htz-c{color:#2D2D2D}}"`;

exports[`<IconAvatar /> styles set icon's fill 1`] = `
<div>
  <svg
    className="htz-a htz-b htz-c"
    height="1em"
    viewBox="0 0 256 256"
    width="1em"
  >
      
    <path
      d="M69.7 69c0-33.2 26.9-60.2 60.2-60.2S190 35.8 190 69s-26.9 60.2-60.2 60.2-60.1-27-60.1-60.2zm73.1 86.6h-25.9c-52.6 0-96 41.1-99.9 92.7h225.8c-4-51.6-47.4-92.7-100-92.7z"
      fill="currentColor"
    />
  </svg>
</div>
`;

exports[`<IconAvatar /> styles set icon's fill 2`] = `".htz-a{vertical-align:-0.15em}.htz-b{color:inherit}.htz-c{fill:#0B7EB5}"`;

exports[`<IconAvatar /> styles set icon's fill responsively 1`] = `
<div>
  <svg
    className="htz-a htz-b htz-c htz-d"
    height="1em"
    viewBox="0 0 256 256"
    width="1em"
  >
      
    <path
      d="M69.7 69c0-33.2 26.9-60.2 60.2-60.2S190 35.8 190 69s-26.9 60.2-60.2 60.2-60.1-27-60.1-60.2zm73.1 86.6h-25.9c-52.6 0-96 41.1-99.9 92.7h225.8c-4-51.6-47.4-92.7-100-92.7z"
      fill="currentColor"
    />
  </svg>
</div>
`;

exports[`<IconAvatar /> styles set icon's fill responsively 2`] = `".htz-a{vertical-align:-0.15em}.htz-b{color:inherit}@media (max-width: 80em){.htz-c{fill:#0B7EB5}}@media (min-width: 80em){.htz-d{fill:#2D2D2D}}"`;

exports[`<IconAvatar /> styles set icon's size 1`] = `
<div>
  <svg
    className="htz-a htz-b htz-c htz-d"
    height="1em"
    viewBox="0 0 256 256"
    width="1em"
  >
      
    <path
      d="M69.7 69c0-33.2 26.9-60.2 60.2-60.2S190 35.8 190 69s-26.9 60.2-60.2 60.2-60.1-27-60.1-60.2zm73.1 86.6h-25.9c-52.6 0-96 41.1-99.9 92.7h225.8c-4-51.6-47.4-92.7-100-92.7z"
      fill="currentColor"
    />
  </svg>
</div>
`;

exports[`<IconAvatar /> styles set icon's size 2`] = `".htz-a{vertical-align:-0.15em}.htz-b{color:inherit}.htz-c{fill:#FFF}.htz-d{font-size:6rem}"`;

exports[`<IconAvatar /> styles set icon's size responsively 1`] = `
<div>
  <svg
    className="htz-a htz-b htz-c htz-d htz-e"
    height="1em"
    viewBox="0 0 256 256"
    width="1em"
  >
      
    <path
      d="M69.7 69c0-33.2 26.9-60.2 60.2-60.2S190 35.8 190 69s-26.9 60.2-60.2 60.2-60.1-27-60.1-60.2zm73.1 86.6h-25.9c-52.6 0-96 41.1-99.9 92.7h225.8c-4-51.6-47.4-92.7-100-92.7z"
      fill="currentColor"
    />
  </svg>
</div>
`;

exports[`<IconAvatar /> styles set icon's size responsively 2`] = `".htz-a{vertical-align:-0.15em}.htz-b{color:inherit}.htz-c{fill:#FFF}@media (max-width: 80em){.htz-d{font-size:6rem}}@media (min-width: 80em){.htz-e{font-size:7rem}}"`;

exports[`<IconAvatar /> styles set misc styles on an icon 1`] = `
<div>
  <svg
    className="htz-a htz-b htz-c htz-d"
    height="1em"
    viewBox="0 0 256 256"
    width="1em"
  >
      
    <path
      d="M69.7 69c0-33.2 26.9-60.2 60.2-60.2S190 35.8 190 69s-26.9 60.2-60.2 60.2-60.1-27-60.1-60.2zm73.1 86.6h-25.9c-52.6 0-96 41.1-99.9 92.7h225.8c-4-51.6-47.4-92.7-100-92.7z"
      fill="currentColor"
    />
  </svg>
</div>
`;

exports[`<IconAvatar /> styles set misc styles on an icon 2`] = `".htz-a{vertical-align:-0.15em}.htz-b{color:inherit}.htz-c{fill:#FFF}.htz-d{position:relative}"`;
