// Jest Snapshot v1, https://goo.gl/fbAQLP

exports[`<IconAlefLogo /> DOM element add "id" attribute to DOM element 1`] = `
<div>
  <svg
    className="htz-a htz-b htz-c"
    height="1em"
    id="hasId"
    viewBox="0 0 256 256"
    width="1em"
  >
     
    <circle
      cx={128}
      cy={128}
      fill="currentColor"
      r={119.5}
    />
     
    <path
      d="M190.2 168.7c-.6-4.7-.9-8.2-.7-10.5s.7-5.8 1.6-10.5c-6.2-4-12.2-8.3-17.8-12.6-5.6-4.4-12.5-9.3-20.6-15-.9-.6-1.8-1.9-2.6-4-.8-2-1-4-.7-5.8.6-2.8 1.9-5.1 3.7-7 1.9-1.9 3.9-2.8 6.1-2.8h30.9c-5.9-15.6-6.1-27.9-.5-36.9h-43.5c0 1.6-.2 3.4-.7 5.4s-.5 4.6-.2 7.7c0 3.1.6 6.2 1.9 9.3 1.2 3.1 1.2 7 0 11.7-1.2 3.7-2.4 6.5-3.5 8.4s-2.3 3.1-3.5 3.7c-10-7.5-21.2-15.8-33.7-25s-21.8-16.3-28-21.3H70c-.3 0-.5.2-.5.5 2.2 4.4 3.7 9.2 4.7 14.5.9 5.3 1.1 10.4.5 15.4-.6 6.5-1.2 11.1-1.9 13.8-.6 2.7-.9 6.8-.9 12.4 0 6.2.6 12.1 1.9 17.5 1.2 5.5 1.7 11.1 1.4 17.1-.6 8.7-1.6 16.4-3 23.1-1.4 6.7-2.6 11.3-3.5 13.8-.3.9-.2 1.7.5 2.3h51c-4.4-9.3-6.1-20.3-5.1-32.7H95.9c-7.2 0-11.5-3.8-12.9-11.5-1.4-7.6-1.6-14.9-.7-21.7.6-5.3 2-9.2 4.2-11.7s3.4-3.7 3.7-3.7l106.6 78.5c0-.3.2-.5.5-.5s.3-.2 0-.5c-1.6-3.4-3-7-4.2-10.8-1.4-3.6-2.3-7.2-2.9-10.6z"
    />
  </svg>
</div>
`;

exports[`<IconAlefLogo /> DOM element add "id" attribute to DOM element 2`] = `".htz-a{vertical-align:-0.15em}.htz-b{color:inherit}.htz-c{fill:#FFF}"`;

exports[`<IconAlefLogo /> DOM element add "onClick" attribute to DOM element 1`] = `
<div>
  <svg
    className="htz-a htz-b htz-c"
    height="1em"
    id={[Function]}
    viewBox="0 0 256 256"
    width="1em"
  >
     
    <circle
      cx={128}
      cy={128}
      fill="currentColor"
      r={119.5}
    />
     
    <path
      d="M190.2 168.7c-.6-4.7-.9-8.2-.7-10.5s.7-5.8 1.6-10.5c-6.2-4-12.2-8.3-17.8-12.6-5.6-4.4-12.5-9.3-20.6-15-.9-.6-1.8-1.9-2.6-4-.8-2-1-4-.7-5.8.6-2.8 1.9-5.1 3.7-7 1.9-1.9 3.9-2.8 6.1-2.8h30.9c-5.9-15.6-6.1-27.9-.5-36.9h-43.5c0 1.6-.2 3.4-.7 5.4s-.5 4.6-.2 7.7c0 3.1.6 6.2 1.9 9.3 1.2 3.1 1.2 7 0 11.7-1.2 3.7-2.4 6.5-3.5 8.4s-2.3 3.1-3.5 3.7c-10-7.5-21.2-15.8-33.7-25s-21.8-16.3-28-21.3H70c-.3 0-.5.2-.5.5 2.2 4.4 3.7 9.2 4.7 14.5.9 5.3 1.1 10.4.5 15.4-.6 6.5-1.2 11.1-1.9 13.8-.6 2.7-.9 6.8-.9 12.4 0 6.2.6 12.1 1.9 17.5 1.2 5.5 1.7 11.1 1.4 17.1-.6 8.7-1.6 16.4-3 23.1-1.4 6.7-2.6 11.3-3.5 13.8-.3.9-.2 1.7.5 2.3h51c-4.4-9.3-6.1-20.3-5.1-32.7H95.9c-7.2 0-11.5-3.8-12.9-11.5-1.4-7.6-1.6-14.9-.7-21.7.6-5.3 2-9.2 4.2-11.7s3.4-3.7 3.7-3.7l106.6 78.5c0-.3.2-.5.5-.5s.3-.2 0-.5c-1.6-3.4-3-7-4.2-10.8-1.4-3.6-2.3-7.2-2.9-10.6z"
    />
  </svg>
</div>
`;

exports[`<IconAlefLogo /> DOM element add "onClick" attribute to DOM element 2`] = `".htz-a{vertical-align:-0.15em}.htz-b{color:inherit}.htz-c{fill:#FFF}"`;

exports[`<IconAlefLogo /> DOM element pass attributes defined in the "attrs" prop to the DOM element 1`] = `
<div>
  <svg
    aria-hidden={true}
    className="htz-a htz-b htz-c"
    height="1em"
    viewBox="0 0 256 256"
    width="1em"
  >
     
    <circle
      cx={128}
      cy={128}
      fill="currentColor"
      r={119.5}
    />
     
    <path
      d="M190.2 168.7c-.6-4.7-.9-8.2-.7-10.5s.7-5.8 1.6-10.5c-6.2-4-12.2-8.3-17.8-12.6-5.6-4.4-12.5-9.3-20.6-15-.9-.6-1.8-1.9-2.6-4-.8-2-1-4-.7-5.8.6-2.8 1.9-5.1 3.7-7 1.9-1.9 3.9-2.8 6.1-2.8h30.9c-5.9-15.6-6.1-27.9-.5-36.9h-43.5c0 1.6-.2 3.4-.7 5.4s-.5 4.6-.2 7.7c0 3.1.6 6.2 1.9 9.3 1.2 3.1 1.2 7 0 11.7-1.2 3.7-2.4 6.5-3.5 8.4s-2.3 3.1-3.5 3.7c-10-7.5-21.2-15.8-33.7-25s-21.8-16.3-28-21.3H70c-.3 0-.5.2-.5.5 2.2 4.4 3.7 9.2 4.7 14.5.9 5.3 1.1 10.4.5 15.4-.6 6.5-1.2 11.1-1.9 13.8-.6 2.7-.9 6.8-.9 12.4 0 6.2.6 12.1 1.9 17.5 1.2 5.5 1.7 11.1 1.4 17.1-.6 8.7-1.6 16.4-3 23.1-1.4 6.7-2.6 11.3-3.5 13.8-.3.9-.2 1.7.5 2.3h51c-4.4-9.3-6.1-20.3-5.1-32.7H95.9c-7.2 0-11.5-3.8-12.9-11.5-1.4-7.6-1.6-14.9-.7-21.7.6-5.3 2-9.2 4.2-11.7s3.4-3.7 3.7-3.7l106.6 78.5c0-.3.2-.5.5-.5s.3-.2 0-.5c-1.6-3.4-3-7-4.2-10.8-1.4-3.6-2.3-7.2-2.9-10.6z"
    />
  </svg>
</div>
`;

exports[`<IconAlefLogo /> DOM element pass attributes defined in the "attrs" prop to the DOM element 2`] = `".htz-a{vertical-align:-0.15em}.htz-b{color:inherit}.htz-c{fill:#FFF}"`;

exports[`<IconAlefLogo /> DOM element render correctly when no props are passed 1`] = `
<div>
  <svg
    className="htz-a htz-b htz-c"
    height="1em"
    viewBox="0 0 256 256"
    width="1em"
  >
     
    <circle
      cx={128}
      cy={128}
      fill="currentColor"
      r={119.5}
    />
     
    <path
      d="M190.2 168.7c-.6-4.7-.9-8.2-.7-10.5s.7-5.8 1.6-10.5c-6.2-4-12.2-8.3-17.8-12.6-5.6-4.4-12.5-9.3-20.6-15-.9-.6-1.8-1.9-2.6-4-.8-2-1-4-.7-5.8.6-2.8 1.9-5.1 3.7-7 1.9-1.9 3.9-2.8 6.1-2.8h30.9c-5.9-15.6-6.1-27.9-.5-36.9h-43.5c0 1.6-.2 3.4-.7 5.4s-.5 4.6-.2 7.7c0 3.1.6 6.2 1.9 9.3 1.2 3.1 1.2 7 0 11.7-1.2 3.7-2.4 6.5-3.5 8.4s-2.3 3.1-3.5 3.7c-10-7.5-21.2-15.8-33.7-25s-21.8-16.3-28-21.3H70c-.3 0-.5.2-.5.5 2.2 4.4 3.7 9.2 4.7 14.5.9 5.3 1.1 10.4.5 15.4-.6 6.5-1.2 11.1-1.9 13.8-.6 2.7-.9 6.8-.9 12.4 0 6.2.6 12.1 1.9 17.5 1.2 5.5 1.7 11.1 1.4 17.1-.6 8.7-1.6 16.4-3 23.1-1.4 6.7-2.6 11.3-3.5 13.8-.3.9-.2 1.7.5 2.3h51c-4.4-9.3-6.1-20.3-5.1-32.7H95.9c-7.2 0-11.5-3.8-12.9-11.5-1.4-7.6-1.6-14.9-.7-21.7.6-5.3 2-9.2 4.2-11.7s3.4-3.7 3.7-3.7l106.6 78.5c0-.3.2-.5.5-.5s.3-.2 0-.5c-1.6-3.4-3-7-4.2-10.8-1.4-3.6-2.3-7.2-2.9-10.6z"
    />
  </svg>
</div>
`;

exports[`<IconAlefLogo /> DOM element render correctly when no props are passed 2`] = `".htz-a{vertical-align:-0.15em}.htz-b{color:inherit}.htz-c{fill:#FFF}"`;

exports[`<IconAlefLogo /> styles responsively set misc styles on an icon 1`] = `
<div>
  <svg
    className="htz-a htz-b htz-c htz-d htz-e"
    height="1em"
    viewBox="0 0 256 256"
    width="1em"
  >
     
    <circle
      cx={128}
      cy={128}
      fill="currentColor"
      r={119.5}
    />
     
    <path
      d="M190.2 168.7c-.6-4.7-.9-8.2-.7-10.5s.7-5.8 1.6-10.5c-6.2-4-12.2-8.3-17.8-12.6-5.6-4.4-12.5-9.3-20.6-15-.9-.6-1.8-1.9-2.6-4-.8-2-1-4-.7-5.8.6-2.8 1.9-5.1 3.7-7 1.9-1.9 3.9-2.8 6.1-2.8h30.9c-5.9-15.6-6.1-27.9-.5-36.9h-43.5c0 1.6-.2 3.4-.7 5.4s-.5 4.6-.2 7.7c0 3.1.6 6.2 1.9 9.3 1.2 3.1 1.2 7 0 11.7-1.2 3.7-2.4 6.5-3.5 8.4s-2.3 3.1-3.5 3.7c-10-7.5-21.2-15.8-33.7-25s-21.8-16.3-28-21.3H70c-.3 0-.5.2-.5.5 2.2 4.4 3.7 9.2 4.7 14.5.9 5.3 1.1 10.4.5 15.4-.6 6.5-1.2 11.1-1.9 13.8-.6 2.7-.9 6.8-.9 12.4 0 6.2.6 12.1 1.9 17.5 1.2 5.5 1.7 11.1 1.4 17.1-.6 8.7-1.6 16.4-3 23.1-1.4 6.7-2.6 11.3-3.5 13.8-.3.9-.2 1.7.5 2.3h51c-4.4-9.3-6.1-20.3-5.1-32.7H95.9c-7.2 0-11.5-3.8-12.9-11.5-1.4-7.6-1.6-14.9-.7-21.7.6-5.3 2-9.2 4.2-11.7s3.4-3.7 3.7-3.7l106.6 78.5c0-.3.2-.5.5-.5s.3-.2 0-.5c-1.6-3.4-3-7-4.2-10.8-1.4-3.6-2.3-7.2-2.9-10.6z"
    />
  </svg>
</div>
`;

exports[`<IconAlefLogo /> styles responsively set misc styles on an icon 2`] = `".htz-a{vertical-align:-0.15em}.htz-b{color:inherit}.htz-c{fill:#FFF}@media (max-width: 79.9375em){.htz-d{position:relative}}@media (min-width: 80em){.htz-e{position:static}}"`;

exports[`<IconAlefLogo /> styles set icon's color 1`] = `
<div>
  <svg
    className="htz-a htz-b htz-c"
    height="1em"
    viewBox="0 0 256 256"
    width="1em"
  >
     
    <circle
      cx={128}
      cy={128}
      fill="currentColor"
      r={119.5}
    />
     
    <path
      d="M190.2 168.7c-.6-4.7-.9-8.2-.7-10.5s.7-5.8 1.6-10.5c-6.2-4-12.2-8.3-17.8-12.6-5.6-4.4-12.5-9.3-20.6-15-.9-.6-1.8-1.9-2.6-4-.8-2-1-4-.7-5.8.6-2.8 1.9-5.1 3.7-7 1.9-1.9 3.9-2.8 6.1-2.8h30.9c-5.9-15.6-6.1-27.9-.5-36.9h-43.5c0 1.6-.2 3.4-.7 5.4s-.5 4.6-.2 7.7c0 3.1.6 6.2 1.9 9.3 1.2 3.1 1.2 7 0 11.7-1.2 3.7-2.4 6.5-3.5 8.4s-2.3 3.1-3.5 3.7c-10-7.5-21.2-15.8-33.7-25s-21.8-16.3-28-21.3H70c-.3 0-.5.2-.5.5 2.2 4.4 3.7 9.2 4.7 14.5.9 5.3 1.1 10.4.5 15.4-.6 6.5-1.2 11.1-1.9 13.8-.6 2.7-.9 6.8-.9 12.4 0 6.2.6 12.1 1.9 17.5 1.2 5.5 1.7 11.1 1.4 17.1-.6 8.7-1.6 16.4-3 23.1-1.4 6.7-2.6 11.3-3.5 13.8-.3.9-.2 1.7.5 2.3h51c-4.4-9.3-6.1-20.3-5.1-32.7H95.9c-7.2 0-11.5-3.8-12.9-11.5-1.4-7.6-1.6-14.9-.7-21.7.6-5.3 2-9.2 4.2-11.7s3.4-3.7 3.7-3.7l106.6 78.5c0-.3.2-.5.5-.5s.3-.2 0-.5c-1.6-3.4-3-7-4.2-10.8-1.4-3.6-2.3-7.2-2.9-10.6z"
    />
  </svg>
</div>
`;

exports[`<IconAlefLogo /> styles set icon's color 2`] = `".htz-a{vertical-align:-0.15em}.htz-b{color:#0B7EB5}.htz-c{fill:#FFF}"`;

exports[`<IconAlefLogo /> styles set icon's color responsively 1`] = `
<div>
  <svg
    className="htz-a htz-b htz-c htz-d"
    height="1em"
    viewBox="0 0 256 256"
    width="1em"
  >
     
    <circle
      cx={128}
      cy={128}
      fill="currentColor"
      r={119.5}
    />
     
    <path
      d="M190.2 168.7c-.6-4.7-.9-8.2-.7-10.5s.7-5.8 1.6-10.5c-6.2-4-12.2-8.3-17.8-12.6-5.6-4.4-12.5-9.3-20.6-15-.9-.6-1.8-1.9-2.6-4-.8-2-1-4-.7-5.8.6-2.8 1.9-5.1 3.7-7 1.9-1.9 3.9-2.8 6.1-2.8h30.9c-5.9-15.6-6.1-27.9-.5-36.9h-43.5c0 1.6-.2 3.4-.7 5.4s-.5 4.6-.2 7.7c0 3.1.6 6.2 1.9 9.3 1.2 3.1 1.2 7 0 11.7-1.2 3.7-2.4 6.5-3.5 8.4s-2.3 3.1-3.5 3.7c-10-7.5-21.2-15.8-33.7-25s-21.8-16.3-28-21.3H70c-.3 0-.5.2-.5.5 2.2 4.4 3.7 9.2 4.7 14.5.9 5.3 1.1 10.4.5 15.4-.6 6.5-1.2 11.1-1.9 13.8-.6 2.7-.9 6.8-.9 12.4 0 6.2.6 12.1 1.9 17.5 1.2 5.5 1.7 11.1 1.4 17.1-.6 8.7-1.6 16.4-3 23.1-1.4 6.7-2.6 11.3-3.5 13.8-.3.9-.2 1.7.5 2.3h51c-4.4-9.3-6.1-20.3-5.1-32.7H95.9c-7.2 0-11.5-3.8-12.9-11.5-1.4-7.6-1.6-14.9-.7-21.7.6-5.3 2-9.2 4.2-11.7s3.4-3.7 3.7-3.7l106.6 78.5c0-.3.2-.5.5-.5s.3-.2 0-.5c-1.6-3.4-3-7-4.2-10.8-1.4-3.6-2.3-7.2-2.9-10.6z"
    />
  </svg>
</div>
`;

exports[`<IconAlefLogo /> styles set icon's color responsively 2`] = `".htz-a{vertical-align:-0.15em}.htz-d{fill:#FFF}@media (max-width: 79.9375em){.htz-b{color:#0B7EB5}}@media (min-width: 80em){.htz-c{color:#2D2D2D}}"`;

exports[`<IconAlefLogo /> styles set icon's fill 1`] = `
<div>
  <svg
    className="htz-a htz-b htz-c"
    height="1em"
    viewBox="0 0 256 256"
    width="1em"
  >
     
    <circle
      cx={128}
      cy={128}
      fill="currentColor"
      r={119.5}
    />
     
    <path
      d="M190.2 168.7c-.6-4.7-.9-8.2-.7-10.5s.7-5.8 1.6-10.5c-6.2-4-12.2-8.3-17.8-12.6-5.6-4.4-12.5-9.3-20.6-15-.9-.6-1.8-1.9-2.6-4-.8-2-1-4-.7-5.8.6-2.8 1.9-5.1 3.7-7 1.9-1.9 3.9-2.8 6.1-2.8h30.9c-5.9-15.6-6.1-27.9-.5-36.9h-43.5c0 1.6-.2 3.4-.7 5.4s-.5 4.6-.2 7.7c0 3.1.6 6.2 1.9 9.3 1.2 3.1 1.2 7 0 11.7-1.2 3.7-2.4 6.5-3.5 8.4s-2.3 3.1-3.5 3.7c-10-7.5-21.2-15.8-33.7-25s-21.8-16.3-28-21.3H70c-.3 0-.5.2-.5.5 2.2 4.4 3.7 9.2 4.7 14.5.9 5.3 1.1 10.4.5 15.4-.6 6.5-1.2 11.1-1.9 13.8-.6 2.7-.9 6.8-.9 12.4 0 6.2.6 12.1 1.9 17.5 1.2 5.5 1.7 11.1 1.4 17.1-.6 8.7-1.6 16.4-3 23.1-1.4 6.7-2.6 11.3-3.5 13.8-.3.9-.2 1.7.5 2.3h51c-4.4-9.3-6.1-20.3-5.1-32.7H95.9c-7.2 0-11.5-3.8-12.9-11.5-1.4-7.6-1.6-14.9-.7-21.7.6-5.3 2-9.2 4.2-11.7s3.4-3.7 3.7-3.7l106.6 78.5c0-.3.2-.5.5-.5s.3-.2 0-.5c-1.6-3.4-3-7-4.2-10.8-1.4-3.6-2.3-7.2-2.9-10.6z"
    />
  </svg>
</div>
`;

exports[`<IconAlefLogo /> styles set icon's fill 2`] = `".htz-a{vertical-align:-0.15em}.htz-b{color:inherit}.htz-c{fill:#0B7EB5}"`;

exports[`<IconAlefLogo /> styles set icon's fill responsively 1`] = `
<div>
  <svg
    className="htz-a htz-b htz-c htz-d"
    height="1em"
    viewBox="0 0 256 256"
    width="1em"
  >
     
    <circle
      cx={128}
      cy={128}
      fill="currentColor"
      r={119.5}
    />
     
    <path
      d="M190.2 168.7c-.6-4.7-.9-8.2-.7-10.5s.7-5.8 1.6-10.5c-6.2-4-12.2-8.3-17.8-12.6-5.6-4.4-12.5-9.3-20.6-15-.9-.6-1.8-1.9-2.6-4-.8-2-1-4-.7-5.8.6-2.8 1.9-5.1 3.7-7 1.9-1.9 3.9-2.8 6.1-2.8h30.9c-5.9-15.6-6.1-27.9-.5-36.9h-43.5c0 1.6-.2 3.4-.7 5.4s-.5 4.6-.2 7.7c0 3.1.6 6.2 1.9 9.3 1.2 3.1 1.2 7 0 11.7-1.2 3.7-2.4 6.5-3.5 8.4s-2.3 3.1-3.5 3.7c-10-7.5-21.2-15.8-33.7-25s-21.8-16.3-28-21.3H70c-.3 0-.5.2-.5.5 2.2 4.4 3.7 9.2 4.7 14.5.9 5.3 1.1 10.4.5 15.4-.6 6.5-1.2 11.1-1.9 13.8-.6 2.7-.9 6.8-.9 12.4 0 6.2.6 12.1 1.9 17.5 1.2 5.5 1.7 11.1 1.4 17.1-.6 8.7-1.6 16.4-3 23.1-1.4 6.7-2.6 11.3-3.5 13.8-.3.9-.2 1.7.5 2.3h51c-4.4-9.3-6.1-20.3-5.1-32.7H95.9c-7.2 0-11.5-3.8-12.9-11.5-1.4-7.6-1.6-14.9-.7-21.7.6-5.3 2-9.2 4.2-11.7s3.4-3.7 3.7-3.7l106.6 78.5c0-.3.2-.5.5-.5s.3-.2 0-.5c-1.6-3.4-3-7-4.2-10.8-1.4-3.6-2.3-7.2-2.9-10.6z"
    />
  </svg>
</div>
`;

exports[`<IconAlefLogo /> styles set icon's fill responsively 2`] = `".htz-a{vertical-align:-0.15em}.htz-b{color:inherit}@media (max-width: 79.9375em){.htz-c{fill:#0B7EB5}}@media (min-width: 80em){.htz-d{fill:#2D2D2D}}"`;

exports[`<IconAlefLogo /> styles set icon's size 1`] = `
<div>
  <svg
    className="htz-a htz-b htz-c htz-d"
    height="1em"
    viewBox="0 0 256 256"
    width="1em"
  >
     
    <circle
      cx={128}
      cy={128}
      fill="currentColor"
      r={119.5}
    />
     
    <path
      d="M190.2 168.7c-.6-4.7-.9-8.2-.7-10.5s.7-5.8 1.6-10.5c-6.2-4-12.2-8.3-17.8-12.6-5.6-4.4-12.5-9.3-20.6-15-.9-.6-1.8-1.9-2.6-4-.8-2-1-4-.7-5.8.6-2.8 1.9-5.1 3.7-7 1.9-1.9 3.9-2.8 6.1-2.8h30.9c-5.9-15.6-6.1-27.9-.5-36.9h-43.5c0 1.6-.2 3.4-.7 5.4s-.5 4.6-.2 7.7c0 3.1.6 6.2 1.9 9.3 1.2 3.1 1.2 7 0 11.7-1.2 3.7-2.4 6.5-3.5 8.4s-2.3 3.1-3.5 3.7c-10-7.5-21.2-15.8-33.7-25s-21.8-16.3-28-21.3H70c-.3 0-.5.2-.5.5 2.2 4.4 3.7 9.2 4.7 14.5.9 5.3 1.1 10.4.5 15.4-.6 6.5-1.2 11.1-1.9 13.8-.6 2.7-.9 6.8-.9 12.4 0 6.2.6 12.1 1.9 17.5 1.2 5.5 1.7 11.1 1.4 17.1-.6 8.7-1.6 16.4-3 23.1-1.4 6.7-2.6 11.3-3.5 13.8-.3.9-.2 1.7.5 2.3h51c-4.4-9.3-6.1-20.3-5.1-32.7H95.9c-7.2 0-11.5-3.8-12.9-11.5-1.4-7.6-1.6-14.9-.7-21.7.6-5.3 2-9.2 4.2-11.7s3.4-3.7 3.7-3.7l106.6 78.5c0-.3.2-.5.5-.5s.3-.2 0-.5c-1.6-3.4-3-7-4.2-10.8-1.4-3.6-2.3-7.2-2.9-10.6z"
    />
  </svg>
</div>
`;

exports[`<IconAlefLogo /> styles set icon's size 2`] = `".htz-a{vertical-align:-0.15em}.htz-b{color:inherit}.htz-c{fill:#FFF}.htz-d{font-size:6rem}"`;

exports[`<IconAlefLogo /> styles set icon's size responsively 1`] = `
<div>
  <svg
    className="htz-a htz-b htz-c htz-d htz-e"
    height="1em"
    viewBox="0 0 256 256"
    width="1em"
  >
     
    <circle
      cx={128}
      cy={128}
      fill="currentColor"
      r={119.5}
    />
     
    <path
      d="M190.2 168.7c-.6-4.7-.9-8.2-.7-10.5s.7-5.8 1.6-10.5c-6.2-4-12.2-8.3-17.8-12.6-5.6-4.4-12.5-9.3-20.6-15-.9-.6-1.8-1.9-2.6-4-.8-2-1-4-.7-5.8.6-2.8 1.9-5.1 3.7-7 1.9-1.9 3.9-2.8 6.1-2.8h30.9c-5.9-15.6-6.1-27.9-.5-36.9h-43.5c0 1.6-.2 3.4-.7 5.4s-.5 4.6-.2 7.7c0 3.1.6 6.2 1.9 9.3 1.2 3.1 1.2 7 0 11.7-1.2 3.7-2.4 6.5-3.5 8.4s-2.3 3.1-3.5 3.7c-10-7.5-21.2-15.8-33.7-25s-21.8-16.3-28-21.3H70c-.3 0-.5.2-.5.5 2.2 4.4 3.7 9.2 4.7 14.5.9 5.3 1.1 10.4.5 15.4-.6 6.5-1.2 11.1-1.9 13.8-.6 2.7-.9 6.8-.9 12.4 0 6.2.6 12.1 1.9 17.5 1.2 5.5 1.7 11.1 1.4 17.1-.6 8.7-1.6 16.4-3 23.1-1.4 6.7-2.6 11.3-3.5 13.8-.3.9-.2 1.7.5 2.3h51c-4.4-9.3-6.1-20.3-5.1-32.7H95.9c-7.2 0-11.5-3.8-12.9-11.5-1.4-7.6-1.6-14.9-.7-21.7.6-5.3 2-9.2 4.2-11.7s3.4-3.7 3.7-3.7l106.6 78.5c0-.3.2-.5.5-.5s.3-.2 0-.5c-1.6-3.4-3-7-4.2-10.8-1.4-3.6-2.3-7.2-2.9-10.6z"
    />
  </svg>
</div>
`;

exports[`<IconAlefLogo /> styles set icon's size responsively 2`] = `".htz-a{vertical-align:-0.15em}.htz-b{color:inherit}.htz-c{fill:#FFF}@media (max-width: 79.9375em){.htz-d{font-size:6rem}}@media (min-width: 80em){.htz-e{font-size:7rem}}"`;

exports[`<IconAlefLogo /> styles set misc styles on an icon 1`] = `
<div>
  <svg
    className="htz-a htz-b htz-c htz-d"
    height="1em"
    viewBox="0 0 256 256"
    width="1em"
  >
     
    <circle
      cx={128}
      cy={128}
      fill="currentColor"
      r={119.5}
    />
     
    <path
      d="M190.2 168.7c-.6-4.7-.9-8.2-.7-10.5s.7-5.8 1.6-10.5c-6.2-4-12.2-8.3-17.8-12.6-5.6-4.4-12.5-9.3-20.6-15-.9-.6-1.8-1.9-2.6-4-.8-2-1-4-.7-5.8.6-2.8 1.9-5.1 3.7-7 1.9-1.9 3.9-2.8 6.1-2.8h30.9c-5.9-15.6-6.1-27.9-.5-36.9h-43.5c0 1.6-.2 3.4-.7 5.4s-.5 4.6-.2 7.7c0 3.1.6 6.2 1.9 9.3 1.2 3.1 1.2 7 0 11.7-1.2 3.7-2.4 6.5-3.5 8.4s-2.3 3.1-3.5 3.7c-10-7.5-21.2-15.8-33.7-25s-21.8-16.3-28-21.3H70c-.3 0-.5.2-.5.5 2.2 4.4 3.7 9.2 4.7 14.5.9 5.3 1.1 10.4.5 15.4-.6 6.5-1.2 11.1-1.9 13.8-.6 2.7-.9 6.8-.9 12.4 0 6.2.6 12.1 1.9 17.5 1.2 5.5 1.7 11.1 1.4 17.1-.6 8.7-1.6 16.4-3 23.1-1.4 6.7-2.6 11.3-3.5 13.8-.3.9-.2 1.7.5 2.3h51c-4.4-9.3-6.1-20.3-5.1-32.7H95.9c-7.2 0-11.5-3.8-12.9-11.5-1.4-7.6-1.6-14.9-.7-21.7.6-5.3 2-9.2 4.2-11.7s3.4-3.7 3.7-3.7l106.6 78.5c0-.3.2-.5.5-.5s.3-.2 0-.5c-1.6-3.4-3-7-4.2-10.8-1.4-3.6-2.3-7.2-2.9-10.6z"
    />
  </svg>
</div>
`;

exports[`<IconAlefLogo /> styles set misc styles on an icon 2`] = `".htz-a{vertical-align:-0.15em}.htz-b{color:inherit}.htz-c{fill:#FFF}.htz-d{position:relative}"`;
